C51 COMPILER V8.02   LL_INIT                                                               03/15/2018 17:16:30 PAGE 1   


C51 COMPILER V8.02, COMPILATION OF MODULE LL_INIT
OBJECT MODULE PLACED IN .\OEM\Obj\ll_Init.obj
COMPILER INVOKED BY: C:\Keil\C51\BIN\C51.EXE LL_Functions\sources\ll_Init.c OMF2 BROWSE VARBANKING DEBUG PRINT(.\OEM\lst
                    -\ll_Init.lst) OBJECT(.\OEM\Obj\ll_Init.obj)

line level    source

   1          #include <myDP8051XP.H>
   2          #include "global.h"
   3          //#include "cl_Functions.h"
   4          #include "MPU_Functions.h"
   5          //#include "MPU_SPIFunction.h"
   6          #include "registers_map.h"
   7          
   8          
   9          void ll_MPUInit(void)
  10          {
  11   1              MPU_Init();
  12   1      }
  13          
  14          void ll_SetVerNum( void )
  15          {
  16   1              MPU_SetVerNum( 0, 1, 0, 0 );
  17   1      }


MODULE INFORMATION:   STATIC OVERLAYABLE
   CODE SIZE        =     13    ----
   CONSTANT SIZE    =   ----    ----
   XDATA SIZE       =   ----    ----
   PDATA SIZE       =   ----    ----
   DATA SIZE        =   ----    ----
   IDATA SIZE       =   ----    ----
   BIT SIZE         =   ----    ----
   EDATA SIZE       =   ----    ----
   HDATA SIZE       =   ----    ----
   XDATA CONST SIZE =   ----    ----
   FAR CONST SIZE   =   ----    ----
END OF MODULE INFORMATION.


C51 COMPILATION COMPLETE.  0 WARNING(S),  0 ERROR(S)
