C51 COMPILER V8.02   MAINLOOP                                                              03/15/2018 17:16:31 PAGE 1   


C51 COMPILER V8.02, COMPILATION OF MODULE MAINLOOP
OBJECT MODULE PLACED IN .\OEM\Obj\mainloop.obj
COMPILER INVOKED BY: C:\Keil\C51\BIN\C51.EXE OEM\sources\mainloop.c OMF2 BROWSE VARBANKING DEBUG PRINT(.\OEM\lst\mainloo
                    -p.lst) OBJECT(.\OEM\Obj\mainloop.obj)

line level    source

   1          #include <myDP8051XP.H>
   2          #include "global.h"
   3          #include "registers_map.inc"
   4          #include "PD.h"
   5          //#include "debug.h"
   6          #include "ll_MPU.h"
   7          #include "ll_functions.h"
   8          
   9          
  10          main()
  11          {
  12   1      //      ADDRCFG0 = 0x15;//disable I2C access
  13   1              FAULT_STATUS = 0x80;//[7]FAULT_STATUS.reset_to_default
  14   1      
  15   1              ll_MPU_DisableINT();
  16   1      
  17   1              ll_MPU_SetINTMask();
  18   1      
  19   1              ll_MPUInit();                           //Initialize MPU
  20   1      
  21   1          ll_MPU_EnableINT( );
  22   1              
  23   1              Physical_Layer_Init();
  24   1      
  25   1              ll_SetVerNum( );
  26   1      
  27   1              while(1)
  28   1              {
  29   2      #ifdef ENABLE_MPU_RESET_COUNTER
                              //[6]FW_CNT_CLR(0->1 toggle)
                              OTHER_CTRL1 &= 0xBF;    
                              OTHER_CTRL1 |= 0x40;    
              #endif
  34   2      
  35   2                      g_vucxReg5[0x00]++;
  36   2                      REG_GPIOP_OUT ^= GPIO6;//toggle period is 2.3us
  37   2      
  38   2      /*              if ( PDC_STAT_31_24 & 0x01 )//DRP
  39   2                      {
  40   2                              ALERT_MASK_LOW &= 0xFE;
  41   2                              ALERT_STATUS_1 = ALERT_STATUS_1 & (0x01);
  42   2      //                      ALERT_STATUS_1 |= 0x01;
  43   2                      }*/
  44   2                      if ( g_ucxVBUS_Force_Discharge && ( DEVICE_CAPABILITIES_3 & 0x40 ) && ( ( CC_DET_IRQ_STATUS0 & 0x18 ) ==
             - 0 ) )
  45   2                      {
  46   3      //              g_vucxReg5[0x01]++;
  47   3                              VBUS_Force_Discharge();
  48   3                      }
  49   2      /*//            if ( ( g_ucxPortPowerRole == PORT_POWER_ROLE_SINK ) && ( DEVICE_CAPABILITIES_3 & 0x80 ) )
  50   2                      if ( ( ROLE_CONTROL == POWER_ROLE_SINK ) && ( DEVICE_CAPABILITIES_3 & 0x80 ) )
  51   2                      {
  52   2      //                      Sink_Auto_Discharge();
  53   2                      }*/
C51 COMPILER V8.02   MAINLOOP                                                              03/15/2018 17:16:31 PAGE 2   

  54   2              }
  55   1      }


MODULE INFORMATION:   STATIC OVERLAYABLE
   CODE SIZE        =     63    ----
   CONSTANT SIZE    =   ----    ----
   XDATA SIZE       =   ----    ----
   PDATA SIZE       =   ----    ----
   DATA SIZE        =   ----    ----
   IDATA SIZE       =   ----    ----
   BIT SIZE         =   ----    ----
   EDATA SIZE       =   ----    ----
   HDATA SIZE       =   ----    ----
   XDATA CONST SIZE =   ----    ----
   FAR CONST SIZE   =   ----    ----
END OF MODULE INFORMATION.


C51 COMPILATION COMPLETE.  0 WARNING(S),  0 ERROR(S)
