C51 COMPILER V8.02   TIMER0INT1                                                            03/15/2018 17:16:30 PAGE 1   


C51 COMPILER V8.02, COMPILATION OF MODULE TIMER0INT1
OBJECT MODULE PLACED IN .\OEM\Obj\timer0INT1.obj
COMPILER INVOKED BY: C:\Keil\C51\BIN\C51.EXE Interrupt\sources\timer0INT1.c OMF2 BROWSE VARBANKING DEBUG PRINT(.\OEM\lst
                    -\timer0INT1.lst) OBJECT(.\OEM\Obj\timer0INT1.obj)

line level    source

   1          #include <myDP8051XP.H>
   2          #include "global.h"
   3          #include "registers_map.h"
   4          
   5          
   6          void timer0_IT(void) interrupt 1
   7          {
   8   1          TF0 = 0;
   9   1      
  10   1          TR0 = 0;
  11   1      
  12   1              g_ucTick++;
  13   1              g_vucxReg5[0xFB]++;
  14   1      
  15   1          //60MHz
  16   1          TH0         =   0X9E;        //5ms
  17   1          TL0         =   0X58;
  18   1      //    TH0         =   0X3C;      //10ms
  19   1      //    TL0         =   0XB0;
  20   1      
  21   1              if ( g_ucTick == 10 )
  22   1          {
  23   2              g_ucTick = 0;
  24   2          }
  25   1      
  26   1          TR0 = 1;
  27   1      }


MODULE INFORMATION:   STATIC OVERLAYABLE
   CODE SIZE        =     53    ----
   CONSTANT SIZE    =   ----    ----
   XDATA SIZE       =   ----    ----
   PDATA SIZE       =   ----    ----
   DATA SIZE        =   ----    ----
   IDATA SIZE       =   ----    ----
   BIT SIZE         =   ----    ----
   EDATA SIZE       =   ----    ----
   HDATA SIZE       =   ----    ----
   XDATA CONST SIZE =   ----    ----
   FAR CONST SIZE   =   ----    ----
END OF MODULE INFORMATION.


C51 COMPILATION COMPLETE.  0 WARNING(S),  0 ERROR(S)
