C51 COMPILER V8.02   VERSIONNUM                                                            03/15/2018 17:16:31 PAGE 1   


C51 COMPILER V8.02, COMPILATION OF MODULE VERSIONNUM
OBJECT MODULE PLACED IN .\OEM\Obj\versionnum.obj
COMPILER INVOKED BY: C:\Keil\C51\BIN\C51.EXE OEM\sources\versionnum.c OMF2 BROWSE VARBANKING DEBUG PRINT(.\OEM\lst\versi
                    -onnum.lst) OBJECT(.\OEM\Obj\versionnum.obj)

line level    source

   1          /*      version number                                                                  */
   2          /*      should be set every time check in                               */
   3          /*                                                                                                      */
   4          /*                                                                                                      */
   5          #include "global.h"
   6          
   7          typedef struct
   8          {
   9                  unsigned char ucHeader[3];      //0x55, 0xaa, 0x01
  10                  unsigned char ucLength;         //length of product ID structure 
  11                  unsigned char ucProductID[20];  // eg 'MON27a'
  12                  unsigned char ucVendorID[3];//OEM key
  13                  unsigned char ucProjectID;//Project ID
  14                  unsigned char ucVerNum;//version number
  15          //      unsigned char ucChecksum;       //checksum making sum of this structure to be 0
  16          } t_PRODUCT_ID_STRUCT;
  17          
  18          t_PRODUCT_ID_STRUCT code g_sProductID = 
  19          {
  20                  { 0x55, 0xaa, 0x01 },
  21                  0x1E,
  22                  { "Google" },
  23                  { "INT" },
  24                  PROJECT_ID,
  25                  OEM_PARADE_VERSION_NUM,
  26          //      0x96,
  27          
  28          };
  29          
  30          unsigned char code g_uccVersionNumMajor  = 1;
  31          unsigned char code g_uccVersionNumMiddle = 0;
  32          unsigned char code g_uccVersionNumMinor  = 0;
  33          
  34          unsigned char code g_uccVersionDescription[250]="PS8805FW Google 0x06 for A2, 20180308";
  35          unsigned char code g_uccBootloaderString[64] = "No Bootloader";


MODULE INFORMATION:   STATIC OVERLAYABLE
   CODE SIZE        =   ----    ----
   CONSTANT SIZE    =    346    ----
   XDATA SIZE       =   ----    ----
   PDATA SIZE       =   ----    ----
   DATA SIZE        =   ----    ----
   IDATA SIZE       =   ----    ----
   BIT SIZE         =   ----    ----
   EDATA SIZE       =   ----    ----
   HDATA SIZE       =   ----    ----
   XDATA CONST SIZE =   ----    ----
   FAR CONST SIZE   =   ----    ----
END OF MODULE INFORMATION.


C51 COMPILATION COMPLETE.  0 WARNING(S),  0 ERROR(S)
