C51 COMPILER V8.02   EXT0INT0                                                              04/27/2018 15:47:25 PAGE 1   


C51 COMPILER V8.02, COMPILATION OF MODULE EXT0INT0
OBJECT MODULE PLACED IN .\OEM\Obj\ext0INT0.obj
COMPILER INVOKED BY: C:\Keil\C51\BIN\C51.EXE Interrupt\sources\ext0INT0.c OMF2 BROWSE VARBANKING DEBUG PRINT(.\OEM\lst\e
                    -xt0INT0.lst) OBJECT(.\OEM\Obj\ext0INT0.obj)

line level    source

   1          #include <myDP8051XP.H>
   2          #include "global.h"
   3          #include "registers_map.h"
   4          
   5          void ext0_INT(void) interrupt 0
   6          {
   7   1      /*      if( CTL_IRQ & (~CTLIRQ_CTL) )
   8   1              {
   9   1                      if( CTL_IRQ & 0x08 & (~CTLIRQ_CTL) )    // WRITE_WAIT_IRQ
  10   1                      {
  11   1                              CTL_IRQ = CTL_IRQ & 0x08;
  12   1                      }
  13   1      
  14   1                      if( CTL_IRQ & 0x04 & (~CTLIRQ_CTL) )    // READ_WAIT_IRQ
  15   1                      {
  16   1                              CTL_IRQ = CTL_IRQ & 0x04;
  17   1                      }
  18   1              }
  19   1      */
  20   1              if( FUNC_IRQ_STATUS & 0x40 & (~FUNC_IRQ_MASK) )
  21   1              {
  22   2                      switch ( I2C_OFFSET )
  23   2                      {
  24   3      /*              case 0x1A:
  25   3                              if ( ( I2C_WRDATA & 0x40 ) == 0x40 )
  26   3                              {
  27   3      //                              ALERT_MASK_LOW &= 0xFE;
  28   3                                      ROLE_CONTROL = ( ROLE_CONTROL & 0x30 ) | 0x4A;
  29   3      //                              COMMAND = 0x99;
  30   3                              }
  31   3      //                      ALERT_STATUS_1 = ALERT_STATUS_1 & (0x01);
  32   3      //                      ALERT_STATUS_1 |= 0x01;
  33   3                              break;*/
  34   3                      case 0xD0:
  35   3                              REGHPD = ( REGHPD & 0xFE ) | ( I2C_WRDATA & 0x01 );
  36   3                              if ( I2C_WRDATA & 0x02 )
  37   3                              {
  38   4                                      REG_HPD_TOG |= 0x80;
  39   4                                      REG_HPD_TOG &= 0x7F;
  40   4                              }
  41   3                              break;
  42   3                      case 0xA0:
  43   3                              BMC_PHY_CTR0 = 0x31;
  44   3                              ADDRCFG0 = 0x10;//enable I2C access
  45   3                              break;
  46   3                      }
  47   2      
  48   2                      FUNC_IRQ_STATUS = FUNC_IRQ_STATUS & 0x40;
  49   2              }
  50   1      
  51   1      /*      if( FUNC_IRQ_STATUS & 0x40 & (~FUNC_IRQ_MASK) )
  52   1              {
  53   1                      MI2CSLV_ADDR = 0x98;
  54   1                      MI2C_OFFSET = I2C_OFFSET;
C51 COMPILER V8.02   EXT0INT0                                                              04/27/2018 15:47:25 PAGE 2   

  55   1                      MI2C_WDATA = I2C_WRDATA;
  56   1                      MI2C_LEN = 0;
  57   1                      MI2C_CTL = 1;
  58   1      
  59   1                      FUNC_IRQ_STATUS = FUNC_IRQ_STATUS & 0x40;
  60   1              }*/
  61   1      }


MODULE INFORMATION:   STATIC OVERLAYABLE
   CODE SIZE        =    108    ----
   CONSTANT SIZE    =   ----    ----
   XDATA SIZE       =   ----    ----
   PDATA SIZE       =   ----    ----
   DATA SIZE        =   ----    ----
   IDATA SIZE       =   ----    ----
   BIT SIZE         =   ----    ----
   EDATA SIZE       =   ----    ----
   HDATA SIZE       =   ----    ----
   XDATA CONST SIZE =   ----    ----
   FAR CONST SIZE   =   ----    ----
END OF MODULE INFORMATION.


C51 COMPILATION COMPLETE.  0 WARNING(S),  0 ERROR(S)
