C51 COMPILER V8.02   TIMER1INT3                                                            04/27/2018 15:47:24 PAGE 1   


C51 COMPILER V8.02, COMPILATION OF MODULE TIMER1INT3
OBJECT MODULE PLACED IN .\OEM\Obj\timer1INT3.obj
COMPILER INVOKED BY: C:\Keil\C51\BIN\C51.EXE Interrupt\sources\timer1INT3.c OMF2 BROWSE VARBANKING DEBUG PRINT(.\OEM\lst
                    -\timer1INT3.lst) OBJECT(.\OEM\Obj\timer1INT3.obj)

line level    source

   1          #include <myDP8051XP.H>
   2          #include "global.h"
   3          #include "PD.h"
   4          #include "registers_map.h"
   5          
   6          void timer1_INT(void) interrupt 3
   7          {
   8   1          TF1 = 0;
   9   1      
  10   1          TR1 = 0;
  11   1      
  12   1              g_ucTicks++;
  13   1              g_vucxReg5[0xFD] = g_ucTicks;
  14   1      
  15   1          //60MHz
  16   1          TH1         =   0X3C;        //10ms
  17   1          TL1         =   0XB0;
  18   1      
  19   1              if ( g_ucTicks == 50 )
  20   1          {
  21   2      //              EA = 0;
  22   2                      REG_DET_CTRL2 &= 0x9B;//stop
  23   2                      CC_DET_IRQ_STATUS2 = 0x04;
  24   2                      REG_DET_CTRL2 |= 0x20;//SW_ADC_VBUS_EN
  25   2                      REG_DET_CTRL2 |= 0x40;//SW_DLPF_START
  26   2                      while ( (!(CC_DET_IRQ_STATUS2 & 0x04)) /*&& ( REG_DET_CTRL2 & 0x40 )*/ )
  27   2                      {
  28   3                              g_vucxReg5[0x87]++;
  29   3                      }
  30   2                      CC_DET_IRQ_STATUS2 = 0x04;
  31   2                      REG_DET_CTRL2 &= 0x9B;//stop
  32   2                      REG_DET_CTRL2 |= 0x04;//[2]SW_ADC_DET_DONE_VBUS
  33   2                      REG_DET_CTRL2 &= 0xFB;
  34   2      //              EA = 1;
  35   2      //              VBUS_VOLTAGE = ( (unsigned short)REG_VBUS_DCC << 2 ) | 0x0800;//REG_VBUS_DCC:100mV per bit;VBUS_VOLTAG
             -E:25mV per bit
  36   2      
  37   2              g_ucTicks = 0;
  38   2      
  39   2                      g_vucxReg5[0xFE]++;
  40   2          }
  41   1      
  42   1          TR1 = 1;
  43   1      }


MODULE INFORMATION:   STATIC OVERLAYABLE
   CODE SIZE        =    127    ----
   CONSTANT SIZE    =   ----    ----
   XDATA SIZE       =   ----    ----
   PDATA SIZE       =   ----    ----
   DATA SIZE        =   ----    ----
   IDATA SIZE       =   ----    ----
   BIT SIZE         =   ----    ----
C51 COMPILER V8.02   TIMER1INT3                                                            04/27/2018 15:47:24 PAGE 2   

   EDATA SIZE       =   ----    ----
   HDATA SIZE       =   ----    ----
   XDATA CONST SIZE =   ----    ----
   FAR CONST SIZE   =   ----    ----
END OF MODULE INFORMATION.


C51 COMPILATION COMPLETE.  0 WARNING(S),  0 ERROR(S)
